
> culinary-conductor@0.1.0 build
> next build

node.exe : ΓÜá Warning: Next.js inferred your workspace root, but it may not be correct.
At line:1 char:1
+ & "C:\Program Files\nodejs/node.exe" "C:\Users\A lan John Chacko\AppD ...
+ ~~~~~~~~~~~~~~~~~~~~~~~~~~~~~~~~~~~~~~~~~~~~~~~~~~~~~~~~~~~~~~~~~~~~~
    + CategoryInfo          : NotSpecified: (ΓÜá Warning: Ne...not be correct.:String) [], RemoteException
    + FullyQualifiedErrorId : NativeCommandError
 
 We detected multiple lockfiles and selected the directory of C:\Users\A lan John Chacko\package-lock.json as the root 
directory.
 To silence this warning, set `turbopack.root` in your Next.js config, or consider removing one of the lockfiles if 
it's not needed.
   See https://nextjs.org/docs/app/api-reference/config/next-config-js/turbopack#root-directory for more information.
 Detected additional lockfiles: 
   * C:\Users\A lan John Chacko\OneDrive\Desktop\Devou\kitchen-queue\package-lock.json

Γû▓ Next.js 16.2.2 (Turbopack)
- Environments: .env.local

ΓÜá The "middleware" file convention is deprecated. Please use "proxy" instead. Learn more: 
https://nextjs.org/docs/messages/middleware-to-proxy
  Creating an optimized production build ...

> Build error occurred
Error: Turbopack build failed with 2 errors:
./OneDrive/Desktop/Devou/kitchen-queue/src/lib/auth.ts:3:1
Module not found: Can't resolve './jwt'
  [90m1 |[0m [36mimport[0m { [33mSignJWT[0m, jwtVerify } [36mfrom[0m [32m'jose'[0m;
  [90m2 |[0m [36mimport[0m bcrypt [36mfrom[0m [32m'bcryptjs'[0m;
[31m[1m>[0m [90m3 |[0m [36mexport[0m { verifyToken, generateAccessToken, generateRefreshToken } [36mfrom[0m 
[32m'./jwt'[0m;
  [90m  |[0m [31m[1m^^^^^^^^^^^^^^^^^^^^^^^^^^^^^^^^^^^^^^^^^^^^^^^^^^^^^^^^^^^^^^^^^^^^^^^^^^^^^^^[0m
  [90m4 |[0m [36mexport[0m [36mtype[0m { [33mJWTPayload[0m, [33mRefreshTokenPayload[0m } [36mfrom[0m 
[32m'./jwt'[0m;
  [90m5 |[0m
  [90m6 |[0m



Import traces:
  #1 [App Route]:
    ./OneDrive/Desktop/Devou/kitchen-queue/src/lib/auth.ts
    ./OneDrive/Desktop/Devou/kitchen-queue/src/app/api/super-admin/wallet-balance/route.ts

  #2 [App Route]:
    ./OneDrive/Desktop/Devou/kitchen-queue/src/lib/auth.ts
    ./OneDrive/Desktop/Devou/kitchen-queue/src/app/api/users/me/route.ts

  #3 [Edge Middleware]:
    ./OneDrive/Desktop/Devou/kitchen-queue/src/lib/auth.ts
    ./OneDrive/Desktop/Devou/kitchen-queue/src/middleware.ts

https://nextjs.org/docs/messages/module-not-found


./OneDrive/Desktop/Devou/kitchen-queue/src/app/api/auth/send-otp/route.ts:3:1
Module not found: Can't resolve '@/lib/sms'
  [90m1 |[0m [36mimport[0m { [33mNextRequest[0m, [33mNextResponse[0m } [36mfrom[0m [32m'next/server'[0m;
  [90m2 |[0m [36mimport[0m { generateOTP, generateOTPToken } [36mfrom[0m [32m'@/lib/auth'[0m;
[31m[1m>[0m [90m3 |[0m [36mimport[0m { sendOTPviaSMS } [36mfrom[0m [32m'@/lib/sms'[0m;
  [90m  |[0m [31m[1m^^^^^^^^^^^^^^^^^^^^^^^^^^^^^^^^^^^^^^^^^^[0m
  [90m4 |[0m [36mimport[0m { validatePhone } [36mfrom[0m [32m'@/lib/validators'[0m;
  [90m5 |[0m [36mimport[0m { getRestaurantBySlug } [36mfrom[0m [32m'@/lib/db'[0m;
  [90m6 |[0m [36mimport[0m sql [36mfrom[0m [32m'@/lib/db'[0m;

Import map: aliased to relative './src/lib/sms' inside of [project]/OneDrive/Desktop/Devou/kitchen-queue


https://nextjs.org/docs/messages/module-not-found


    at <unknown> (./OneDrive/Desktop/Devou/kitchen-queue/src/lib/auth.ts:3:1)
    at <unknown> (https://nextjs.org/docs/messages/module-not-found)
    at <unknown> (./OneDrive/Desktop/Devou/kitchen-queue/src/app/api/auth/send-otp/route.ts:3:1)
    at <unknown> (https://nextjs.org/docs/messages/module-not-found)
