[debug] [2026-09-08T16:21:56.889Z] ----------------------------------------------------------------------
[debug] [2026-09-08T16:21:56.895Z] Command:       C:\Program Files\nodejs\node.exe C:\Users\A lan John Chacko\AppData\Roaming\npm\node_modules\firebase-tools\lib\bin\firebase.js init
[debug] [2026-09-08T16:21:56.896Z] CLI Version:   15.29.0
[debug] [2026-09-08T16:21:56.896Z] Platform:      win32
[debug] [2026-09-08T16:21:56.896Z] Node Version:  v24.13.0
[debug] [2026-09-08T16:21:56.897Z] Detected Agent: unknown
[debug] [2026-09-08T16:21:56.897Z] Time:          Tue Sep 08 2026 21:51:56 GMT+0530 (India Standard Time)
[debug] [2026-09-08T16:21:56.897Z] ----------------------------------------------------------------------
[debug] 
[info] 
     ######## #### ########  ######## ########     ###     ######  ########
     ##        ##  ##     ## ##       ##     ##  ##   ##  ##       ##
     ######    ##  ########  ######   ########  #########  ######  ######
     ##        ##  ##    ##  ##       ##     ## ##     ##       ## ##
     ##       #### ##     ## ######## ########  ##     ##  ######  ########

You're about to initialize a Firebase project in this directory:

  C:\Users\A lan John Chacko\OneDrive\Desktop\Devou\kitchen-queue

[info] 
=== Project Setup
[info] 
[info] First, let's associate this project directory with a Firebase project.
[info] You can create multiple project aliases by running firebase use --add, 
[info] 
[info] i  If you want to create a project in a Google Cloud organization or folder, please use "firebase projects:create" instead, and return to this command when you've created the project. 
[debug] [2026-09-08T16:23:06.446Z] > command requires scopes: ["email","openid","https://www.googleapis.com/auth/cloudplatformprojects.readonly","https://www.googleapis.com/auth/firebase","https://www.googleapis.com/auth/cloud-platform"]
[debug] [2026-09-08T16:23:06.446Z] > authorizing via signed-in user (alanjohnchacko.mec@gmail.com)
[debug] [2026-09-08T16:23:15.848Z] Checked if tokens are valid: false, expires at: 1735191117485
[debug] [2026-09-08T16:23:15.848Z] Checked if tokens are valid: false, expires at: 1735191117485
[debug] [2026-09-08T16:23:15.848Z] > refreshing access token with scopes: []
[debug] [2026-09-08T16:23:15.851Z] >>> [apiv2][query] POST https://www.googleapis.com/oauth2/v3/token [none]
[debug] [2026-09-08T16:23:15.851Z] >>> [apiv2][body] POST https://www.googleapis.com/oauth2/v3/token [omitted]
[debug] [2026-09-08T16:23:16.210Z] <<< [apiv2][status] POST https://www.googleapis.com/oauth2/v3/token 400
[debug] [2026-09-08T16:23:16.210Z] <<< [apiv2][body] POST https://www.googleapis.com/oauth2/v3/token [omitted]
[debug] [2026-09-08T16:23:16.210Z] >>> [apiv2][query] POST https://firebase.googleapis.com/v1/projects:checkProjectId [none]
[debug] [2026-09-08T16:23:16.211Z] >>> [apiv2][body] POST https://firebase.googleapis.com/v1/projects:checkProjectId {"proposedId":"qdine@123"}
[debug] [2026-09-08T16:23:16.812Z] <<< [apiv2][status] POST https://firebase.googleapis.com/v1/projects:checkProjectId 401
[debug] [2026-09-08T16:23:16.812Z] <<< [apiv2][body] POST https://firebase.googleapis.com/v1/projects:checkProjectId {"error":{"code":401,"message":"Request had invalid authentication credentials. Expected OAuth 2 access token, login cookie or other valid authentication credential. See https://developers.google.com/identity/sign-in/web/devconsole-project.","status":"UNAUTHENTICATED"}}
[debug] [2026-09-08T16:23:16.813Z] Got a 401 Unauthenticated error for a call that required authentication. Refreshing tokens.
[debug] [2026-09-08T16:23:16.813Z] Checked if tokens are valid: false, expires at: 1735191117485
[debug] [2026-09-08T16:23:16.813Z] Checked if tokens are valid: false, expires at: 1735191117485
[debug] [2026-09-08T16:23:16.813Z] > refreshing access token with scopes: []
[debug] [2026-09-08T16:23:16.815Z] >>> [apiv2][query] POST https://www.googleapis.com/oauth2/v3/token [none]
[debug] [2026-09-08T16:23:16.815Z] >>> [apiv2][body] POST https://www.googleapis.com/oauth2/v3/token [omitted]
[debug] [2026-09-08T16:23:16.935Z] <<< [apiv2][status] POST https://www.googleapis.com/oauth2/v3/token 400
[debug] [2026-09-08T16:23:16.935Z] <<< [apiv2][body] POST https://www.googleapis.com/oauth2/v3/token [omitted]
[debug] [2026-09-08T16:23:16.937Z] Couldn't check if project ID qdine@123 is available. Original error: FirebaseError: Failed to check if project ID is available. See firebase-debug.log for more info.
[debug] [2026-09-08T16:23:22.634Z] Checked if tokens are valid: false, expires at: 1735191117485
[debug] [2026-09-08T16:23:22.635Z] Checked if tokens are valid: false, expires at: 1735191117485
[debug] [2026-09-08T16:23:22.635Z] > refreshing access token with scopes: []
[debug] [2026-09-08T16:23:22.636Z] >>> [apiv2][query] POST https://www.googleapis.com/oauth2/v3/token [none]
[debug] [2026-09-08T16:23:22.636Z] >>> [apiv2][body] POST https://www.googleapis.com/oauth2/v3/token [omitted]
[debug] [2026-09-08T16:23:22.928Z] <<< [apiv2][status] POST https://www.googleapis.com/oauth2/v3/token 400
[debug] [2026-09-08T16:23:22.929Z] <<< [apiv2][body] POST https://www.googleapis.com/oauth2/v3/token [omitted]
[debug] [2026-09-08T16:23:22.929Z] >>> [apiv2][query] POST https://cloudresourcemanager.googleapis.com/v1/projects [none]
[debug] [2026-09-08T16:23:22.929Z] >>> [apiv2][body] POST https://cloudresourcemanager.googleapis.com/v1/projects {"projectId":"qdine@123","name":"qdine"}
[debug] [2026-09-08T16:23:24.519Z] <<< [apiv2][status] POST https://cloudresourcemanager.googleapis.com/v1/projects 401
[debug] [2026-09-08T16:23:24.520Z] <<< [apiv2][body] POST https://cloudresourcemanager.googleapis.com/v1/projects {"error":{"code":401,"message":"Request had invalid authentication credentials. Expected OAuth 2 access token, login cookie or other valid authentication credential. See https://developers.google.com/identity/sign-in/web/devconsole-project.","status":"UNAUTHENTICATED","details":[{"@type":"type.googleapis.com/google.rpc.ErrorInfo","reason":"ACCESS_TOKEN_TYPE_UNSUPPORTED","metadata":{"service":"cloudresourcemanager.googleapis.com","method":"google.cloudresourcemanager.v1.Projects.CreateProject"}}]}}
[debug] [2026-09-08T16:23:24.520Z] Got a 401 Unauthenticated error for a call that required authentication. Refreshing tokens.
[debug] [2026-09-08T16:23:24.520Z] Checked if tokens are valid: false, expires at: 1735191117485
[debug] [2026-09-08T16:23:24.520Z] Checked if tokens are valid: false, expires at: 1735191117485
[debug] [2026-09-08T16:23:24.520Z] > refreshing access token with scopes: []
[debug] [2026-09-08T16:23:24.521Z] >>> [apiv2][query] POST https://www.googleapis.com/oauth2/v3/token [none]
[debug] [2026-09-08T16:23:24.521Z] >>> [apiv2][body] POST https://www.googleapis.com/oauth2/v3/token [omitted]
[debug] [2026-09-08T16:23:24.633Z] <<< [apiv2][status] POST https://www.googleapis.com/oauth2/v3/token 400
[debug] [2026-09-08T16:23:24.633Z] <<< [apiv2][body] POST https://www.googleapis.com/oauth2/v3/token [omitted]
[debug] [2026-09-08T16:23:25.053Z] FirebaseError: Request to https://cloudresourcemanager.googleapis.com/v1/projects had HTTP Error: 401, Request had invalid authentication credentials. Expected OAuth 2 access token, login cookie or other valid authentication credential. See https://developers.google.com/identity/sign-in/web/devconsole-project.
    at responseToError (C:\Users\A lan John Chacko\AppData\Roaming\npm\node_modules\firebase-tools\lib\responseToError.js:53:12)
    at RetryOperation._fn (C:\Users\A lan John Chacko\AppData\Roaming\npm\node_modules\firebase-tools\lib\apiv2.js:415:77)
    at process.processTicksAndRejections (node:internal/process/task_queues:103:5)
[error] 
[error] Error: Failed to create project. See firebase-debug.log for more info.
